#
# There is insufficient memory for the Java Runtime Environment to continue.
# Native memory allocation (mmap) failed to map 94371840 bytes for G1 virtual space
# Possible reasons:
#   The system is out of physical RAM or swap space
#   The process is running with CompressedOops enabled, and the Java Heap may be blocking the growth of the native heap
# Possible solutions:
#   Reduce memory load on the system
#   Increase physical memory or swap space
#   Check if swap backing store is full
#   Decrease Java heap size (-Xmx/-Xms)
#   Decrease number of Java threads
#   Decrease Java thread stack sizes (-Xss)
#   Set larger code cache with -XX:ReservedCodeCacheSize=
#   JVM is running with Zero Based Compressed Oops mode in which the Java heap is
#     placed in the first 32GB address space. The Java Heap base address is the
#     maximum limit for the native heap growth. Please use -XX:HeapBaseMinAddress
#     to set the Java Heap base and to place the Java Heap above 32GB virtual address.
# This output file may be truncated or incomplete.
#
#  Out of Memory Error (os_windows.cpp:3603), pid=21912, tid=21908
#
# JRE version: Java(TM) SE Runtime Environment (21.0.9+7) (build 21.0.9+7-LTS-338)
# Java VM: Java HotSpot(TM) 64-Bit Server VM (21.0.9+7-LTS-338, mixed mode, emulated-client, sharing, tiered, compressed oops, compressed class ptrs, g1 gc, windows-amd64)
# No core dump will be written. Minidumps are not enabled by default on client versions of Windows
#

---------------  S U M M A R Y ------------

Command Line: -XX:TieredStopAtLevel=1 -Dspring.output.ansi.enabled=always -Dcom.sun.management.jmxremote -Dspring.jmx.enabled=true -Dspring.liveBeansView.mbeanDomain -Dspring.application.admin.enabled=true -Dmanagement.endpoints.jmx.exposure.include=* -javaagent:F:\IntelliJ IDEA 2023.2.4\lib\idea_rt.jar=57478:F:\IntelliJ IDEA 2023.2.4\bin -Dfile.encoding=UTF-8 -Dsun.stdout.encoding=UTF-8 -Dsun.stderr.encoding=UTF-8 SoaServiceAApplication

Host: AMD Ryzen 5 5500U with Radeon Graphics         , 12 cores, 15G,  Windows 10 , 64 bit Build 19041 (10.0.19041.5915)
Time: Thu Nov  6 21:23:53 2025 elapsed time: 2.902502 seconds (0d 0h 0m 2s)

---------------  T H R E A D  ---------------

Current thread (0x000001c1f4e293f0):  VMThread "VM Thread"          [id=21908, stack(0x00000016d8f00000,0x00000016d9000000) (1024K)]

Stack: [0x00000016d8f00000,0x00000016d9000000]
Native frames: (J=compiled Java code, j=interpreted, Vv=VM code, C=native code)
V  [jvm.dll+0x6cbf89]
V  [jvm.dll+0x858421]
V  [jvm.dll+0x85a94e]
V  [jvm.dll+0x85b023]
V  [jvm.dll+0x27ebc6]
V  [jvm.dll+0x6c8705]
V  [jvm.dll+0x6bd26a]
V  [jvm.dll+0x354a0a]
V  [jvm.dll+0x35c686]
V  [jvm.dll+0x3af79e]
V  [jvm.dll+0x3afa48]
V  [jvm.dll+0x328d1c]
V  [jvm.dll+0x328da7]
V  [jvm.dll+0x36d6cc]
V  [jvm.dll+0x36bf1e]
V  [jvm.dll+0x3284e1]
V  [jvm.dll+0x36b63a]
V  [jvm.dll+0x860df0]
V  [jvm.dll+0x862174]
V  [jvm.dll+0x8626b0]
V  [jvm.dll+0x862953]
V  [jvm.dll+0x80265b]
V  [jvm.dll+0x6ca66d]
C  [ucrtbase.dll+0x21bb2]
C  [KERNEL32.DLL+0x17374]
C  [ntdll.dll+0x4cc91]

VM_Operation (0x00000016d88fdb90): G1CollectForAllocation, mode: safepoint, requested by thread 0x000001c1dfc2bd40


---------------  P R O C E S S  ---------------

Threads class SMR info:
_java_thread_list=0x000001c1fa56e050, length=16, elements={
0x000001c1dfc2bd40, 0x000001c1f4e41db0, 0x000001c1f4e42ad0, 0x000001c1f4e437f0,
0x000001c1f4e45640, 0x000001c1f4e466b0, 0x000001c1f4e47110, 0x000001c1f4e556e0,
0x000001c1f90df020, 0x000001c1f913a750, 0x000001c1f95c2ad0, 0x000001c1f95c3140,
0x000001c1f96976c0, 0x000001c1f96fe500, 0x000001c1f9b687b0, 0x000001c1f9b9ced0
}

Java Threads: ( => current thread )
  0x000001c1dfc2bd40 JavaThread "main"                              [_thread_blocked, id=22008, stack(0x00000016d8800000,0x00000016d8900000) (1024K)]
  0x000001c1f4e41db0 JavaThread "Reference Handler"          daemon [_thread_blocked, id=21904, stack(0x00000016d9000000,0x00000016d9100000) (1024K)]
  0x000001c1f4e42ad0 JavaThread "Finalizer"                  daemon [_thread_blocked, id=21876, stack(0x00000016d9100000,0x00000016d9200000) (1024K)]
  0x000001c1f4e437f0 JavaThread "Signal Dispatcher"          daemon [_thread_blocked, id=21872, stack(0x00000016d9200000,0x00000016d9300000) (1024K)]
  0x000001c1f4e45640 JavaThread "Attach Listener"            daemon [_thread_blocked, id=21520, stack(0x00000016d9300000,0x00000016d9400000) (1024K)]
  0x000001c1f4e466b0 JavaThread "Service Thread"             daemon [_thread_blocked, id=21600, stack(0x00000016d9400000,0x00000016d9500000) (1024K)]
  0x000001c1f4e47110 JavaThread "Monitor Deflation Thread"   daemon [_thread_blocked, id=21736, stack(0x00000016d9500000,0x00000016d9600000) (1024K)]
  0x000001c1f4e556e0 JavaThread "C1 CompilerThread0"         daemon [_thread_blocked, id=21868, stack(0x00000016d9600000,0x00000016d9700000) (1024K)]
  0x000001c1f90df020 JavaThread "C1 CompilerThread1"         daemon [_thread_blocked, id=22464, stack(0x00000016d9700000,0x00000016d9800000) (1024K)]
  0x000001c1f913a750 JavaThread "Common-Cleaner"             daemon [_thread_blocked, id=22452, stack(0x00000016d9800000,0x00000016d9900000) (1024K)]
  0x000001c1f95c2ad0 JavaThread "Monitor Ctrl-Break"         daemon [_thread_in_native, id=19388, stack(0x00000016d9900000,0x00000016d9a00000) (1024K)]
  0x000001c1f95c3140 JavaThread "Notification Thread"        daemon [_thread_blocked, id=3116, stack(0x00000016d9a00000,0x00000016d9b00000) (1024K)]
  0x000001c1f96976c0 JavaThread "C1 CompilerThread2"         daemon [_thread_blocked, id=19028, stack(0x00000016d9b00000,0x00000016d9c00000) (1024K)]
  0x000001c1f96fe500 JavaThread "RMI TCP Accept-0"           daemon [_thread_in_native, id=12092, stack(0x00000016d9c00000,0x00000016d9d00000) (1024K)]
  0x000001c1f9b687b0 JavaThread "RMI TCP Connection(1)-192.168.1.13" daemon [_thread_in_native, id=8504, stack(0x00000016da300000,0x00000016da400000) (1024K)]
  0x000001c1f9b9ced0 JavaThread "RMI Scheduler(0)"           daemon [_thread_blocked, id=5552, stack(0x00000016da400000,0x00000016da500000) (1024K)]
Total: 16

Other Threads:
=>0x000001c1f4e293f0 VMThread "VM Thread"                           [id=21908, stack(0x00000016d8f00000,0x00000016d9000000) (1024K)]
  0x000001c1f4e16b20 WatcherThread "VM Periodic Task Thread"        [id=21900, stack(0x00000016d8e00000,0x00000016d8f00000) (1024K)]
  0x000001c1e1dcded0 WorkerThread "GC Thread#0"                     [id=22012, stack(0x00000016d8900000,0x00000016d8a00000) (1024K)]
  0x000001c1f9780af0 WorkerThread "GC Thread#1"                     [id=4688, stack(0x00000016d9d00000,0x00000016d9e00000) (1024K)]
  0x000001c1f9780ea0 WorkerThread "GC Thread#2"                     [id=20868, stack(0x00000016d9e00000,0x00000016d9f00000) (1024K)]
  0x000001c1f98c3470 WorkerThread "GC Thread#3"                     [id=15140, stack(0x00000016d9f00000,0x00000016da000000) (1024K)]
  0x000001c1f98c3ca0 WorkerThread "GC Thread#4"                     [id=4960, stack(0x00000016da000000,0x00000016da100000) (1024K)]
  0x000001c1f9a0ff50 WorkerThread "GC Thread#5"                     [id=20904, stack(0x00000016da100000,0x00000016da200000) (1024K)]
  0x000001c1f9a10300 WorkerThread "GC Thread#6"                     [id=9836, stack(0x00000016da200000,0x00000016da300000) (1024K)]
  0x000001c1fa25dfa0 WorkerThread "GC Thread#7"                     [id=7256, stack(0x00000016da500000,0x00000016da600000) (1024K)]
  0x000001c1fa25e350 WorkerThread "GC Thread#8"                     [id=21844, stack(0x00000016da600000,0x00000016da700000) (1024K)]
  0x000001c1fa25e700 WorkerThread "GC Thread#9"                     [id=22496, stack(0x00000016da700000,0x00000016da800000) (1024K)]
  0x000001c1e1ddf3d0 ConcurrentGCThread "G1 Main Marker"            [id=22016, stack(0x00000016d8a00000,0x00000016d8b00000) (1024K)]
  0x000001c1e1de0490 WorkerThread "G1 Conc#0"                       [id=22020, stack(0x00000016d8b00000,0x00000016d8c00000) (1024K)]
  0x000001c1fa7f57e0 WorkerThread "G1 Conc#1"                       [id=22484, stack(0x00000016da900000,0x00000016daa00000) (1024K)]
  0x000001c1fa789ca0 WorkerThread "G1 Conc#2"                       [id=22500, stack(0x00000016daa00000,0x00000016dab00000) (1024K)]
  0x000001c1f4ce15e0 ConcurrentGCThread "G1 Refine#0"               [id=21956, stack(0x00000016d8c00000,0x00000016d8d00000) (1024K)]
  0x000001c1f4ce1f70 ConcurrentGCThread "G1 Service"                [id=21896, stack(0x00000016d8d00000,0x00000016d8e00000) (1024K)]
Total: 18

Threads with active compile tasks:
Total: 0

VM state: at safepoint (normal execution)

VM Mutex/Monitor currently owned by a thread:  ([mutex/lock_event])
[0x00007ffe0d180df0] Threads_lock - owner thread: 0x000001c1f4e293f0
[0x00007ffe0d180ef0] Heap_lock - owner thread: 0x000001c1dfc2bd40

Heap address: 0x000000070ac00000, size: 3924 MB, Compressed Oops mode: Zero based, Oop shift amount: 3

CDS archive(s) mapped at: [0x000001c180000000-0x000001c180c90000-0x000001c180c90000), size 13172736, SharedBaseAddress: 0x000001c180000000, ArchiveRelocationMode: 1.
Compressed class space mapped at: 0x000001c181000000-0x000001c1c1000000, reserved size: 1073741824
Narrow klass base: 0x000001c180000000, Narrow klass shift: 0, Narrow klass range: 0x100000000

GC Precious Log:
 CardTable entry size: 512
 Card Set container configuration: InlinePtr #cards 4 size 8 Array Of Cards #cards 16 size 48 Howl #buckets 8 coarsen threshold 3686 Howl Bitmap #cards 512 size 80 coarsen threshold 460 Card regions per heap region 1 cards per card region 4096
 CPUs: 12 total, 12 available
 Memory: 15693M
 Large Page Support: Disabled
 NUMA Support: Disabled
 Compressed Oops: Enabled (Zero based)
 Heap Region Size: 2M
 Heap Min Capacity: 8M
 Heap Initial Capacity: 246M
 Heap Max Capacity: 3924M
 Pre-touch: Disabled
 Parallel Workers: 10
 Concurrent Workers: 3
 Concurrent Refinement Workers: 10
 Periodic GC: Disabled

Heap:
 garbage-first heap   total 251904K, used 81898K [0x000000070ac00000, 0x0000000800000000)
  region size 2048K, 5 young (10240K), 5 survivors (10240K)
 Metaspace       used 22801K, committed 23296K, reserved 1114112K
  class space    used 3133K, committed 3392K, reserved 1048576K

Heap Regions: E=young(eden), S=young(survivor), O=old, HS=humongous(starts), HC=humongous(continues), CS=collection set, F=free, TAMS=top-at-mark-start, PB=parsable bottom
|   0|0x000000070ac00000, 0x000000070ae00000, 0x000000070ae00000|100%| O|  |TAMS 0x000000070ac00000| PB 0x000000070ac00000| Untracked 
|   1|0x000000070ae00000, 0x000000070b000000, 0x000000070b000000|100%| O|  |TAMS 0x000000070ae00000| PB 0x000000070ae00000| Untracked 
|   2|0x000000070b000000, 0x000000070b200000, 0x000000070b200000|100%| O|  |TAMS 0x000000070b000000| PB 0x000000070b000000| Untracked 
|   3|0x000000070b200000, 0x000000070b400000, 0x000000070b400000|100%| O|  |TAMS 0x000000070b200000| PB 0x000000070b200000| Untracked 
|   4|0x000000070b400000, 0x000000070b600000, 0x000000070b600000|100%| O|  |TAMS 0x000000070b400000| PB 0x000000070b400000| Untracked 
|   5|0x000000070b600000, 0x000000070b800000, 0x000000070b800000|100%| O|  |TAMS 0x000000070b600000| PB 0x000000070b600000| Untracked 
|   6|0x000000070b800000, 0x000000070ba00000, 0x000000070ba00000|100%| O|  |TAMS 0x000000070b800000| PB 0x000000070b800000| Untracked 
|   7|0x000000070ba00000, 0x000000070bc00000, 0x000000070bc00000|100%| O|  |TAMS 0x000000070ba00000| PB 0x000000070ba00000| Untracked 
|   8|0x000000070bc00000, 0x000000070be00000, 0x000000070be00000|100%| O|  |TAMS 0x000000070bc00000| PB 0x000000070bc00000| Untracked 
|   9|0x000000070be00000, 0x000000070c000000, 0x000000070c000000|100%| O|  |TAMS 0x000000070be00000| PB 0x000000070be00000| Untracked 
|  10|0x000000070c000000, 0x000000070c200000, 0x000000070c200000|100%| O|  |TAMS 0x000000070c000000| PB 0x000000070c000000| Untracked 
|  11|0x000000070c200000, 0x000000070c400000, 0x000000070c400000|100%| O|  |TAMS 0x000000070c200000| PB 0x000000070c200000| Untracked 
|  12|0x000000070c400000, 0x000000070c600000, 0x000000070c600000|100%| O|  |TAMS 0x000000070c400000| PB 0x000000070c400000| Untracked 
|  13|0x000000070c600000, 0x000000070c800000, 0x000000070c800000|100%| O|  |TAMS 0x000000070c600000| PB 0x000000070c600000| Untracked 
|  14|0x000000070c800000, 0x000000070ca00000, 0x000000070ca00000|100%| O|  |TAMS 0x000000070c800000| PB 0x000000070c800000| Untracked 
|  15|0x000000070ca00000, 0x000000070cc00000, 0x000000070cc00000|100%| O|  |TAMS 0x000000070ca00000| PB 0x000000070ca00000| Untracked 
|  16|0x000000070cc00000, 0x000000070ce00000, 0x000000070ce00000|100%| O|  |TAMS 0x000000070cc00000| PB 0x000000070cc00000| Untracked 
|  17|0x000000070ce00000, 0x000000070d000000, 0x000000070d000000|100%| O|  |TAMS 0x000000070ce00000| PB 0x000000070ce00000| Untracked 
|  18|0x000000070d000000, 0x000000070d200000, 0x000000070d200000|100%| O|  |TAMS 0x000000070d000000| PB 0x000000070d000000| Untracked 
|  19|0x000000070d200000, 0x000000070d400000, 0x000000070d400000|100%| O|  |TAMS 0x000000070d200000| PB 0x000000070d200000| Untracked 
|  20|0x000000070d400000, 0x000000070d600000, 0x000000070d600000|100%| O|  |TAMS 0x000000070d400000| PB 0x000000070d400000| Untracked 
|  21|0x000000070d600000, 0x000000070d800000, 0x000000070d800000|100%| O|  |TAMS 0x000000070d600000| PB 0x000000070d600000| Untracked 
|  22|0x000000070d800000, 0x000000070da00000, 0x000000070da00000|100%| O|  |TAMS 0x000000070d800000| PB 0x000000070d800000| Untracked 
|  23|0x000000070da00000, 0x000000070dc00000, 0x000000070dc00000|100%| O|  |TAMS 0x000000070da00000| PB 0x000000070da00000| Untracked 
|  24|0x000000070dc00000, 0x000000070de00000, 0x000000070de00000|100%| O|  |TAMS 0x000000070dc00000| PB 0x000000070dc00000| Untracked 
|  25|0x000000070de00000, 0x000000070e000000, 0x000000070e000000|100%| O|  |TAMS 0x000000070de00000| PB 0x000000070de00000| Untracked 
|  26|0x000000070e000000, 0x000000070e200000, 0x000000070e200000|100%| O|  |TAMS 0x000000070e000000| PB 0x000000070e000000| Untracked 
|  27|0x000000070e200000, 0x000000070e400000, 0x000000070e400000|100%| O|  |TAMS 0x000000070e200000| PB 0x000000070e200000| Untracked 
|  28|0x000000070e400000, 0x000000070e600000, 0x000000070e600000|100%| O|  |TAMS 0x000000070e400000| PB 0x000000070e400000| Untracked 
|  29|0x000000070e600000, 0x000000070e800000, 0x000000070e800000|100%| O|  |TAMS 0x000000070e600000| PB 0x000000070e600000| Untracked 
|  30|0x000000070e800000, 0x000000070ea00000, 0x000000070ea00000|100%| O|  |TAMS 0x000000070e800000| PB 0x000000070e800000| Untracked 
|  31|0x000000070ea00000, 0x000000070ec00000, 0x000000070ec00000|100%| O|  |TAMS 0x000000070ea00000| PB 0x000000070ea00000| Untracked 
|  32|0x000000070ec00000, 0x000000070ee00000, 0x000000070ee00000|100%| O|  |TAMS 0x000000070ec00000| PB 0x000000070ec00000| Untracked 
|  33|0x000000070ee00000, 0x000000070f000000, 0x000000070f000000|100%| O|  |TAMS 0x000000070ee00000| PB 0x000000070ee00000| Untracked 
|  34|0x000000070f000000, 0x000000070f200000, 0x000000070f200000|100%| O|  |TAMS 0x000000070f000000| PB 0x000000070f000000| Untracked 
|  35|0x000000070f200000, 0x000000070f200000, 0x000000070f400000|  0%| F|  |TAMS 0x000000070f200000| PB 0x000000070f200000| Untracked 
|  36|0x000000070f400000, 0x000000070f400000, 0x000000070f600000|  0%| F|  |TAMS 0x000000070f400000| PB 0x000000070f400000| Untracked 
|  37|0x000000070f600000, 0x000000070f600000, 0x000000070f800000|  0%| F|  |TAMS 0x000000070f600000| PB 0x000000070f600000| Untracked 
|  38|0x000000070f800000, 0x000000070f900000, 0x000000070fa00000| 50%| O|  |TAMS 0x000000070f800000| PB 0x000000070f800000| Untracked 
|  39|0x000000070fa00000, 0x000000070fa00000, 0x000000070fc00000|  0%| F|  |TAMS 0x000000070fa00000| PB 0x000000070fa00000| Untracked 
|  40|0x000000070fc00000, 0x000000070fc00000, 0x000000070fe00000|  0%| F|  |TAMS 0x000000070fc00000| PB 0x000000070fc00000| Untracked 
|  41|0x000000070fe00000, 0x000000070fefaad0, 0x0000000710000000| 48%| S|CS|TAMS 0x000000070fe00000| PB 0x000000070fe00000| Complete 
|  42|0x0000000710000000, 0x0000000710000000, 0x0000000710200000|  0%| F|  |TAMS 0x0000000710000000| PB 0x0000000710000000| Untracked 
|  43|0x0000000710200000, 0x0000000710200000, 0x0000000710400000|  0%| F|  |TAMS 0x0000000710200000| PB 0x0000000710200000| Untracked 
|  44|0x0000000710400000, 0x0000000710400000, 0x0000000710600000|  0%| F|  |TAMS 0x0000000710400000| PB 0x0000000710400000| Untracked 
|  45|0x0000000710600000, 0x0000000710800000, 0x0000000710800000|100%| S|CS|TAMS 0x0000000710600000| PB 0x0000000710600000| Complete 
|  46|0x0000000710800000, 0x0000000710a00000, 0x0000000710a00000|100%| S|CS|TAMS 0x0000000710800000| PB 0x0000000710800000| Complete 
|  47|0x0000000710a00000, 0x0000000710c00000, 0x0000000710c00000|100%| S|CS|TAMS 0x0000000710a00000| PB 0x0000000710a00000| Complete 
|  48|0x0000000710c00000, 0x0000000710e00000, 0x0000000710e00000|100%| S|CS|TAMS 0x0000000710c00000| PB 0x0000000710c00000| Complete 
|  49|0x0000000710e00000, 0x0000000710e00000, 0x0000000711000000|  0%| F|  |TAMS 0x0000000710e00000| PB 0x0000000710e00000| Untracked 
|  50|0x0000000711000000, 0x0000000711000000, 0x0000000711200000|  0%| F|  |TAMS 0x0000000711000000| PB 0x0000000711000000| Untracked 
|  51|0x0000000711200000, 0x0000000711200000, 0x0000000711400000|  0%| F|  |TAMS 0x0000000711200000| PB 0x0000000711200000| Untracked 
|  52|0x0000000711400000, 0x0000000711400000, 0x0000000711600000|  0%| F|  |TAMS 0x0000000711400000| PB 0x0000000711400000| Untracked 
|  53|0x0000000711600000, 0x0000000711600000, 0x0000000711800000|  0%| F|  |TAMS 0x0000000711600000| PB 0x0000000711600000| Untracked 
|  54|0x0000000711800000, 0x0000000711800000, 0x0000000711a00000|  0%| F|  |TAMS 0x0000000711800000| PB 0x0000000711800000| Untracked 
|  55|0x0000000711a00000, 0x0000000711a00000, 0x0000000711c00000|  0%| F|  |TAMS 0x0000000711a00000| PB 0x0000000711a00000| Untracked 
|  56|0x0000000711c00000, 0x0000000711c00000, 0x0000000711e00000|  0%| F|  |TAMS 0x0000000711c00000| PB 0x0000000711c00000| Untracked 
|  57|0x0000000711e00000, 0x0000000711e00000, 0x0000000712000000|  0%| F|  |TAMS 0x0000000711e00000| PB 0x0000000711e00000| Untracked 
|  58|0x0000000712000000, 0x0000000712000000, 0x0000000712200000|  0%| F|  |TAMS 0x0000000712000000| PB 0x0000000712000000| Untracked 
|  59|0x0000000712200000, 0x0000000712200000, 0x0000000712400000|  0%| F|  |TAMS 0x0000000712200000| PB 0x0000000712200000| Untracked 
|  60|0x0000000712400000, 0x0000000712400000, 0x0000000712600000|  0%| F|  |TAMS 0x0000000712400000| PB 0x0000000712400000| Untracked 
|  61|0x0000000712600000, 0x0000000712600000, 0x0000000712800000|  0%| F|  |TAMS 0x0000000712600000| PB 0x0000000712600000| Untracked 
|  62|0x0000000712800000, 0x0000000712800000, 0x0000000712a00000|  0%| F|  |TAMS 0x0000000712800000| PB 0x0000000712800000| Untracked 
|  63|0x0000000712a00000, 0x0000000712a00000, 0x0000000712c00000|  0%| F|  |TAMS 0x0000000712a00000| PB 0x0000000712a00000| Untracked 
|  64|0x0000000712c00000, 0x0000000712c00000, 0x0000000712e00000|  0%| F|  |TAMS 0x0000000712c00000| PB 0x0000000712c00000| Untracked 
|  65|0x0000000712e00000, 0x0000000712e00000, 0x0000000713000000|  0%| F|  |TAMS 0x0000000712e00000| PB 0x0000000712e00000| Untracked 
|  66|0x0000000713000000, 0x0000000713000000, 0x0000000713200000|  0%| F|  |TAMS 0x0000000713000000| PB 0x0000000713000000| Untracked 
|  67|0x0000000713200000, 0x0000000713200000, 0x0000000713400000|  0%| F|  |TAMS 0x0000000713200000| PB 0x0000000713200000| Untracked 
|  68|0x0000000713400000, 0x0000000713400000, 0x0000000713600000|  0%| F|  |TAMS 0x0000000713400000| PB 0x0000000713400000| Untracked 
|  69|0x0000000713600000, 0x0000000713600000, 0x0000000713800000|  0%| F|  |TAMS 0x0000000713600000| PB 0x0000000713600000| Untracked 
|  70|0x0000000713800000, 0x0000000713800000, 0x0000000713a00000|  0%| F|  |TAMS 0x0000000713800000| PB 0x0000000713800000| Untracked 
|  71|0x0000000713a00000, 0x0000000713a00000, 0x0000000713c00000|  0%| F|  |TAMS 0x0000000713a00000| PB 0x0000000713a00000| Untracked 
|  72|0x0000000713c00000, 0x0000000713c00000, 0x0000000713e00000|  0%| F|  |TAMS 0x0000000713c00000| PB 0x0000000713c00000| Untracked 
|  73|0x0000000713e00000, 0x0000000713e00000, 0x0000000714000000|  0%| F|  |TAMS 0x0000000713e00000| PB 0x0000000713e00000| Untracked 
|  74|0x0000000714000000, 0x0000000714000000, 0x0000000714200000|  0%| F|  |TAMS 0x0000000714000000| PB 0x0000000714000000| Untracked 
|  75|0x0000000714200000, 0x0000000714200000, 0x0000000714400000|  0%| F|  |TAMS 0x0000000714200000| PB 0x0000000714200000| Untracked 
|  76|0x0000000714400000, 0x0000000714400000, 0x0000000714600000|  0%| F|  |TAMS 0x0000000714400000| PB 0x0000000714400000| Untracked 
|  77|0x0000000714600000, 0x0000000714600000, 0x0000000714800000|  0%| F|  |TAMS 0x0000000714600000| PB 0x0000000714600000| Untracked 
|  78|0x0000000714800000, 0x0000000714800000, 0x0000000714a00000|  0%| F|  |TAMS 0x0000000714800000| PB 0x0000000714800000| Untracked 
|  79|0x0000000714a00000, 0x0000000714a00000, 0x0000000714c00000|  0%| F|  |TAMS 0x0000000714a00000| PB 0x0000000714a00000| Untracked 
|  80|0x0000000714c00000, 0x0000000714c00000, 0x0000000714e00000|  0%| F|  |TAMS 0x0000000714c00000| PB 0x0000000714c00000| Untracked 
|  81|0x0000000714e00000, 0x0000000714e00000, 0x0000000715000000|  0%| F|  |TAMS 0x0000000714e00000| PB 0x0000000714e00000| Untracked 
|  82|0x0000000715000000, 0x0000000715000000, 0x0000000715200000|  0%| F|  |TAMS 0x0000000715000000| PB 0x0000000715000000| Untracked 
|  83|0x0000000715200000, 0x0000000715200000, 0x0000000715400000|  0%| F|  |TAMS 0x0000000715200000| PB 0x0000000715200000| Untracked 
|  84|0x0000000715400000, 0x0000000715400000, 0x0000000715600000|  0%| F|  |TAMS 0x0000000715400000| PB 0x0000000715400000| Untracked 
|  85|0x0000000715600000, 0x0000000715600000, 0x0000000715800000|  0%| F|  |TAMS 0x0000000715600000| PB 0x0000000715600000| Untracked 
|  86|0x0000000715800000, 0x0000000715800000, 0x0000000715a00000|  0%| F|  |TAMS 0x0000000715800000| PB 0x0000000715800000| Untracked 
|  87|0x0000000715a00000, 0x0000000715a00000, 0x0000000715c00000|  0%| F|  |TAMS 0x0000000715a00000| PB 0x0000000715a00000| Untracked 
|  88|0x0000000715c00000, 0x0000000715c00000, 0x0000000715e00000|  0%| F|  |TAMS 0x0000000715c00000| PB 0x0000000715c00000| Untracked 
|  89|0x0000000715e00000, 0x0000000715e00000, 0x0000000716000000|  0%| F|  |TAMS 0x0000000715e00000| PB 0x0000000715e00000| Untracked 
|  90|0x0000000716000000, 0x0000000716000000, 0x0000000716200000|  0%| F|  |TAMS 0x0000000716000000| PB 0x0000000716000000| Untracked 
|  91|0x0000000716200000, 0x0000000716200000, 0x0000000716400000|  0%| F|  |TAMS 0x0000000716200000| PB 0x0000000716200000| Untracked 
|  92|0x0000000716400000, 0x0000000716400000, 0x0000000716600000|  0%| F|  |TAMS 0x0000000716400000| PB 0x0000000716400000| Untracked 
|  93|0x0000000716600000, 0x0000000716600000, 0x0000000716800000|  0%| F|  |TAMS 0x0000000716600000| PB 0x0000000716600000| Untracked 
|  94|0x0000000716800000, 0x0000000716800000, 0x0000000716a00000|  0%| F|  |TAMS 0x0000000716800000| PB 0x0000000716800000| Untracked 
|  95|0x0000000716a00000, 0x0000000716a00000, 0x0000000716c00000|  0%| F|  |TAMS 0x0000000716a00000| PB 0x0000000716a00000| Untracked 
|  96|0x0000000716c00000, 0x0000000716c00000, 0x0000000716e00000|  0%| F|  |TAMS 0x0000000716c00000| PB 0x0000000716c00000| Untracked 
|  97|0x0000000716e00000, 0x0000000716e00000, 0x0000000717000000|  0%| F|  |TAMS 0x0000000716e00000| PB 0x0000000716e00000| Untracked 
|  98|0x0000000717000000, 0x0000000717000000, 0x0000000717200000|  0%| F|  |TAMS 0x0000000717000000| PB 0x0000000717000000| Untracked 
|  99|0x0000000717200000, 0x0000000717200000, 0x0000000717400000|  0%| F|  |TAMS 0x0000000717200000| PB 0x0000000717200000| Untracked 
| 100|0x0000000717400000, 0x0000000717400000, 0x0000000717600000|  0%| F|  |TAMS 0x0000000717400000| PB 0x0000000717400000| Untracked 
| 101|0x0000000717600000, 0x0000000717600000, 0x0000000717800000|  0%| F|  |TAMS 0x0000000717600000| PB 0x0000000717600000| Untracked 
| 102|0x0000000717800000, 0x0000000717800000, 0x0000000717a00000|  0%| F|  |TAMS 0x0000000717800000| PB 0x0000000717800000| Untracked 
| 103|0x0000000717a00000, 0x0000000717a00000, 0x0000000717c00000|  0%| F|  |TAMS 0x0000000717a00000| PB 0x0000000717a00000| Untracked 
| 104|0x0000000717c00000, 0x0000000717c00000, 0x0000000717e00000|  0%| F|  |TAMS 0x0000000717c00000| PB 0x0000000717c00000| Untracked 
| 105|0x0000000717e00000, 0x0000000717e00000, 0x0000000718000000|  0%| F|  |TAMS 0x0000000717e00000| PB 0x0000000717e00000| Untracked 
| 106|0x0000000718000000, 0x0000000718000000, 0x0000000718200000|  0%| F|  |TAMS 0x0000000718000000| PB 0x0000000718000000| Untracked 
| 107|0x0000000718200000, 0x0000000718200000, 0x0000000718400000|  0%| F|  |TAMS 0x0000000718200000| PB 0x0000000718200000| Untracked 
| 108|0x0000000718400000, 0x0000000718400000, 0x0000000718600000|  0%| F|  |TAMS 0x0000000718400000| PB 0x0000000718400000| Untracked 
| 109|0x0000000718600000, 0x0000000718600000, 0x0000000718800000|  0%| F|  |TAMS 0x0000000718600000| PB 0x0000000718600000| Untracked 
| 110|0x0000000718800000, 0x0000000718800000, 0x0000000718a00000|  0%| F|  |TAMS 0x0000000718800000| PB 0x0000000718800000| Untracked 
| 111|0x0000000718a00000, 0x0000000718a00000, 0x0000000718c00000|  0%| F|  |TAMS 0x0000000718a00000| PB 0x0000000718a00000| Untracked 
| 112|0x0000000718c00000, 0x0000000718c00000, 0x0000000718e00000|  0%| F|  |TAMS 0x0000000718c00000| PB 0x0000000718c00000| Untracked 
| 113|0x0000000718e00000, 0x0000000718e00000, 0x0000000719000000|  0%| F|  |TAMS 0x0000000718e00000| PB 0x0000000718e00000| Untracked 
| 114|0x0000000719000000, 0x0000000719000000, 0x0000000719200000|  0%| F|  |TAMS 0x0000000719000000| PB 0x0000000719000000| Untracked 
| 115|0x0000000719200000, 0x0000000719200000, 0x0000000719400000|  0%| F|  |TAMS 0x0000000719200000| PB 0x0000000719200000| Untracked 
| 116|0x0000000719400000, 0x0000000719400000, 0x0000000719600000|  0%| F|  |TAMS 0x0000000719400000| PB 0x0000000719400000| Untracked 
| 117|0x0000000719600000, 0x0000000719600000, 0x0000000719800000|  0%| F|  |TAMS 0x0000000719600000| PB 0x0000000719600000| Untracked 
| 118|0x0000000719800000, 0x0000000719800000, 0x0000000719a00000|  0%| F|  |TAMS 0x0000000719800000| PB 0x0000000719800000| Untracked 
| 119|0x0000000719a00000, 0x0000000719a00000, 0x0000000719c00000|  0%| F|  |TAMS 0x0000000719a00000| PB 0x0000000719a00000| Untracked 
| 120|0x0000000719c00000, 0x0000000719c00000, 0x0000000719e00000|  0%| F|  |TAMS 0x0000000719c00000| PB 0x0000000719c00000| Untracked 
| 121|0x0000000719e00000, 0x0000000719e00000, 0x000000071a000000|  0%| F|  |TAMS 0x0000000719e00000| PB 0x0000000719e00000| Untracked 
| 122|0x000000071a000000, 0x000000071a000000, 0x000000071a200000|  0%| F|  |TAMS 0x000000071a000000| PB 0x000000071a000000| Untracked 

Card table byte_map: [0x000001c1edce0000,0x000001c1ee490000] _byte_map_base: 0x000001c1ea48a000

Marking Bits: (CMBitMap*) 0x000001c1e1dce3f0
 Bits: [0x000001c1ee490000, 0x000001c1f21e0000)

Polling page: 0x000001c1dfcf0000

Metaspace:

Usage:
  Non-class:     19.21 MB used.
      Class:      3.06 MB used.
       Both:     22.27 MB used.

Virtual space:
  Non-class space:       64.00 MB reserved,      19.44 MB ( 30%) committed,  1 nodes.
      Class space:        1.00 GB reserved,       3.31 MB ( <1%) committed,  1 nodes.
             Both:        1.06 GB reserved,      22.75 MB (  2%) committed. 

Chunk freelists:
   Non-Class:  11.62 MB
       Class:  12.73 MB
        Both:  24.36 MB

MaxMetaspaceSize: unlimited
CompressedClassSpaceSize: 1.00 GB
Initial GC threshold: 21.00 MB
Current GC threshold: 35.12 MB
CDS: on
 - commit_granule_bytes: 65536.
 - commit_granule_words: 8192.
 - virtual_space_node_default_size: 8388608.
 - enlarge_chunks_in_place: 1.
 - use_allocation_guard: 0.


Internal statistics:

num_allocs_failed_limit: 3.
num_arena_births: 524.
num_arena_deaths: 0.
num_vsnodes_births: 2.
num_vsnodes_deaths: 0.
num_space_committed: 364.
num_space_uncommitted: 0.
num_chunks_returned_to_freelist: 3.
num_chunks_taken_from_freelist: 1213.
num_chunk_merges: 3.
num_chunk_splits: 838.
num_chunks_enlarged: 602.
num_inconsistent_stats: 0.

CodeCache: size=49152Kb used=7403Kb max_used=7403Kb free=41748Kb
 bounds [0x000001c1ea200000, 0x000001c1ea940000, 0x000001c1ed200000]
 total_blobs=3745 nmethods=3205 adapters=461
 compilation: enabled
              stopped_count=0, restarted_count=0
 full_count=0

Compilation events (20 events):
Event: 2.804 Thread 0x000001c1f4e556e0 nmethod 3197 0x000001c1ea933110 code [0x000001c1ea933380, 0x000001c1ea933da0]
Event: 2.805 Thread 0x000001c1f96976c0 3198       1       java.util.LinkedHashMap::keysToArray (7 bytes)
Event: 2.805 Thread 0x000001c1f96976c0 nmethod 3198 0x000001c1ea934210 code [0x000001c1ea9343c0, 0x000001c1ea9344a8]
Event: 2.806 Thread 0x000001c1f90df020 nmethod 3196 0x000001c1ea934510 code [0x000001c1ea934b60, 0x000001c1ea937298]
Event: 2.807 Thread 0x000001c1f90df020 3199       1       java.util.HashSet::toArray (16 bytes)
Event: 2.807 Thread 0x000001c1f90df020 nmethod 3199 0x000001c1ea938a90 code [0x000001c1ea938c40, 0x000001c1ea938d70]
Event: 2.813 Thread 0x000001c1f90df020 3200       1       org.springframework.core.annotation.MergedAnnotationSelectors::nearest (4 bytes)
Event: 2.814 Thread 0x000001c1f90df020 nmethod 3200 0x000001c1ea938e10 code [0x000001c1ea938fa0, 0x000001c1ea939050]
Event: 2.815 Thread 0x000001c1f90df020 3201       1       org.springframework.core.annotation.MergedAnnotationsCollection::isPresent (7 bytes)
Event: 2.815 Thread 0x000001c1f90df020 nmethod 3201 0x000001c1ea939110 code [0x000001c1ea9392c0, 0x000001c1ea9393a8]
Event: 2.817 Thread 0x000001c1f90df020 3202       1       org.springframework.core.type.classreading.SimpleAnnotationMetadataReadingVisitor$$Lambda/0x000001c18132f760::accept (14 bytes)
Event: 2.817 Thread 0x000001c1f90df020 nmethod 3202 0x000001c1ea939410 code [0x000001c1ea9395c0, 0x000001c1ea939710]
Event: 2.820 Thread 0x000001c1f90df020 3205       1       org.springframework.core.annotation.MergedAnnotationsCollection::find (174 bytes)
Event: 2.820 Thread 0x000001c1f96976c0 3203       1       org.springframework.core.annotation.MergedAnnotationsCollection::get (8 bytes)
Event: 2.820 Thread 0x000001c1f4e556e0 3204       1       org.springframework.core.annotation.MergedAnnotationsCollection::get (23 bytes)
Event: 2.820 Thread 0x000001c1f96976c0 nmethod 3203 0x000001c1ea939790 code [0x000001c1ea939940, 0x000001c1ea939a48]
Event: 2.820 Thread 0x000001c1f4e556e0 nmethod 3204 0x000001c1ea939b10 code [0x000001c1ea939cc0, 0x000001c1ea939db0]
Event: 2.821 Thread 0x000001c1f90df020 nmethod 3205 0x000001c1ea939e90 code [0x000001c1ea93a0c0, 0x000001c1ea93a5f0]
Event: 2.859 Thread 0x000001c1f96976c0 3206       1       org.springframework.core.type.classreading.SimpleMethodMetadataReadingVisitor$$Lambda/0x000001c18132e8a0::accept (14 bytes)
Event: 2.859 Thread 0x000001c1f96976c0 nmethod 3206 0x000001c1ea93a990 code [0x000001c1ea93ab40, 0x000001c1ea93ac90]

GC Heap History (20 events):
Event: 0.854 GC heap after
{Heap after GC invocations=1 (full 0):
 garbage-first heap   total 251904K, used 7922K [0x000000070ac00000, 0x0000000800000000)
  region size 2048K, 2 young (4096K), 2 survivors (4096K)
 Metaspace       used 6072K, committed 6336K, reserved 1114112K
  class space    used 717K, committed 832K, reserved 1048576K
}
Event: 1.403 GC heap before
{Heap before GC invocations=1 (full 0):
 garbage-first heap   total 251904K, used 28402K [0x000000070ac00000, 0x0000000800000000)
  region size 2048K, 13 young (26624K), 2 survivors (4096K)
 Metaspace       used 11693K, committed 12096K, reserved 1114112K
  class space    used 1543K, committed 1728K, reserved 1048576K
}
Event: 1.408 GC heap after
{Heap after GC invocations=2 (full 0):
 garbage-first heap   total 251904K, used 10737K [0x000000070ac00000, 0x0000000800000000)
  region size 2048K, 2 young (4096K), 2 survivors (4096K)
 Metaspace       used 11693K, committed 12096K, reserved 1114112K
  class space    used 1543K, committed 1728K, reserved 1048576K
}
Event: 1.923 GC heap before
{Heap before GC invocations=2 (full 0):
 garbage-first heap   total 251904K, used 78321K [0x000000070ac00000, 0x0000000800000000)
  region size 2048K, 35 young (71680K), 2 survivors (4096K)
 Metaspace       used 20391K, committed 20800K, reserved 1114112K
  class space    used 2766K, committed 2944K, reserved 1048576K
}
Event: 1.930 GC heap after
{Heap after GC invocations=3 (full 0):
 garbage-first heap   total 251904K, used 17387K [0x000000070ac00000, 0x0000000800000000)
  region size 2048K, 5 young (10240K), 5 survivors (10240K)
 Metaspace       used 20391K, committed 20800K, reserved 1114112K
  class space    used 2766K, committed 2944K, reserved 1048576K
}
Event: 1.958 GC heap before
{Heap before GC invocations=3 (full 0):
 garbage-first heap   total 251904K, used 37867K [0x000000070ac00000, 0x0000000800000000)
  region size 2048K, 16 young (32768K), 5 survivors (10240K)
 Metaspace       used 21053K, committed 21504K, reserved 1114112K
  class space    used 2846K, committed 3008K, reserved 1048576K
}
Event: 1.964 GC heap after
{Heap after GC invocations=4 (full 0):
 garbage-first heap   total 251904K, used 20705K [0x000000070ac00000, 0x0000000800000000)
  region size 2048K, 6 young (12288K), 6 survivors (12288K)
 Metaspace       used 21053K, committed 21504K, reserved 1114112K
  class space    used 2846K, committed 3008K, reserved 1048576K
}
Event: 2.046 GC heap before
{Heap before GC invocations=5 (full 0):
 garbage-first heap   total 96256K, used 71905K [0x000000070ac00000, 0x0000000800000000)
  region size 2048K, 31 young (63488K), 6 survivors (12288K)
 Metaspace       used 21863K, committed 22336K, reserved 1114112K
  class space    used 2992K, committed 3200K, reserved 1048576K
}
Event: 2.056 GC heap after
{Heap after GC invocations=6 (full 0):
 garbage-first heap   total 96256K, used 25280K [0x000000070ac00000, 0x0000000800000000)
  region size 2048K, 4 young (8192K), 4 survivors (8192K)
 Metaspace       used 21863K, committed 22336K, reserved 1114112K
  class space    used 2992K, committed 3200K, reserved 1048576K
}
Event: 2.105 GC heap before
{Heap before GC invocations=6 (full 0):
 garbage-first heap   total 96256K, used 70336K [0x000000070ac00000, 0x0000000800000000)
  region size 2048K, 26 young (53248K), 4 survivors (8192K)
 Metaspace       used 22271K, committed 22720K, reserved 1114112K
  class space    used 3051K, committed 3264K, reserved 1048576K
}
Event: 2.114 GC heap after
{Heap after GC invocations=7 (full 0):
 garbage-first heap   total 96256K, used 31556K [0x000000070ac00000, 0x0000000800000000)
  region size 2048K, 3 young (6144K), 3 survivors (6144K)
 Metaspace       used 22271K, committed 22720K, reserved 1114112K
  class space    used 3051K, committed 3264K, reserved 1048576K
}
Event: 2.170 GC heap before
{Heap before GC invocations=7 (full 0):
 garbage-first heap   total 96256K, used 74564K [0x000000070ac00000, 0x0000000800000000)
  region size 2048K, 24 young (49152K), 3 survivors (6144K)
 Metaspace       used 22271K, committed 22720K, reserved 1114112K
  class space    used 3051K, committed 3264K, reserved 1048576K
}
Event: 2.181 GC heap after
{Heap after GC invocations=8 (full 0):
 garbage-first heap   total 176128K, used 37465K [0x000000070ac00000, 0x0000000800000000)
  region size 2048K, 3 young (6144K), 3 survivors (6144K)
 Metaspace       used 22271K, committed 22720K, reserved 1114112K
  class space    used 3051K, committed 3264K, reserved 1048576K
}
Event: 2.347 GC heap before
{Heap before GC invocations=8 (full 0):
 garbage-first heap   total 176128K, used 135769K [0x000000070ac00000, 0x0000000800000000)
  region size 2048K, 51 young (104448K), 3 survivors (6144K)
 Metaspace       used 22271K, committed 22720K, reserved 1114112K
  class space    used 3051K, committed 3264K, reserved 1048576K
}
Event: 2.354 GC heap after
{Heap after GC invocations=9 (full 0):
 garbage-first heap   total 176128K, used 48235K [0x000000070ac00000, 0x0000000800000000)
  region size 2048K, 7 young (14336K), 7 survivors (14336K)
 Metaspace       used 22271K, committed 22720K, reserved 1114112K
  class space    used 3051K, committed 3264K, reserved 1048576K
}
Event: 2.475 GC heap before
{Heap before GC invocations=9 (full 0):
 garbage-first heap   total 176128K, used 138347K [0x000000070ac00000, 0x0000000800000000)
  region size 2048K, 51 young (104448K), 7 survivors (14336K)
 Metaspace       used 22271K, committed 22720K, reserved 1114112K
  class space    used 3051K, committed 3264K, reserved 1048576K
}
Event: 2.484 GC heap after
{Heap after GC invocations=10 (full 0):
 garbage-first heap   total 176128K, used 60598K [0x000000070ac00000, 0x0000000800000000)
  region size 2048K, 6 young (12288K), 6 survivors (12288K)
 Metaspace       used 22271K, committed 22720K, reserved 1114112K
  class space    used 3051K, committed 3264K, reserved 1048576K
}
Event: 2.596 GC heap before
{Heap before GC invocations=10 (full 0):
 garbage-first heap   total 176128K, used 144566K [0x000000070ac00000, 0x0000000800000000)
  region size 2048K, 47 young (96256K), 6 survivors (12288K)
 Metaspace       used 22271K, committed 22720K, reserved 1114112K
  class space    used 3051K, committed 3264K, reserved 1048576K
}
Event: 2.603 GC heap after
{Heap after GC invocations=11 (full 0):
 garbage-first heap   total 176128K, used 71566K [0x000000070ac00000, 0x0000000800000000)
  region size 2048K, 6 young (12288K), 6 survivors (12288K)
 Metaspace       used 22271K, committed 22720K, reserved 1114112K
  class space    used 3051K, committed 3264K, reserved 1048576K
}
Event: 2.892 GC heap before
{Heap before GC invocations=11 (full 0):
 garbage-first heap   total 176128K, used 147342K [0x000000070ac00000, 0x0000000800000000)
  region size 2048K, 43 young (88064K), 6 survivors (12288K)
 Metaspace       used 22801K, committed 23296K, reserved 1114112K
  class space    used 3133K, committed 3392K, reserved 1048576K
}

Dll operation events (12 events):
Event: 0.008 Loaded shared library F:\anyProgramms\jdk21\bin\java.dll
Event: 0.167 Loaded shared library F:\anyProgramms\jdk21\bin\zip.dll
Event: 0.171 Loaded shared library F:\anyProgramms\jdk21\bin\instrument.dll
Event: 0.182 Loaded shared library F:\anyProgramms\jdk21\bin\net.dll
Event: 0.185 Loaded shared library F:\anyProgramms\jdk21\bin\nio.dll
Event: 0.191 Loaded shared library F:\anyProgramms\jdk21\bin\zip.dll
Event: 0.363 Loaded shared library F:\IntelliJ IDEA 2023.2.4\bin\breakgen64.dll
Event: 0.369 Loaded shared library F:\anyProgramms\jdk21\bin\jimage.dll
Event: 0.372 Loaded shared library F:\anyProgramms\jdk21\bin\extnet.dll
Event: 0.392 Loaded shared library F:\anyProgramms\jdk21\bin\management.dll
Event: 0.402 Loaded shared library F:\anyProgramms\jdk21\bin\management_ext.dll
Event: 2.095 Loaded shared library F:\anyProgramms\jdk21\bin\sunmscapi.dll

Deoptimization events (0 events):
No events

Classes loaded (20 events):
Event: 2.083 Loading class sun/security/ssl/SunJSSE
Event: 2.083 Loading class sun/security/ssl/SunJSSE done
Event: 2.084 Loading class com/sun/crypto/provider/SunJCE
Event: 2.084 Loading class com/sun/crypto/provider/SunJCE done
Event: 2.090 Loading class java/security/AuthProvider
Event: 2.090 Loading class java/security/AuthProvider done
Event: 2.090 Loading class javax/security/auth/login/FailedLoginException
Event: 2.090 Loading class javax/security/auth/login/FailedLoginException done
Event: 2.091 Loading class javax/security/auth/callback/CallbackHandler
Event: 2.091 Loading class javax/security/auth/callback/CallbackHandler done
Event: 2.097 Loading class sun/security/provider/certpath/ldap/JdkLDAP
Event: 2.097 Loading class sun/security/provider/certpath/ldap/JdkLDAP done
Event: 2.097 Loading class sun/security/provider/certpath/ldap/JdkLDAP$ProviderService
Event: 2.098 Loading class sun/security/provider/certpath/ldap/JdkLDAP$ProviderService done
Event: 2.098 Loading class com/sun/security/sasl/Provider
Event: 2.098 Loading class com/sun/security/sasl/Provider done
Event: 2.098 Loading class com/sun/security/sasl/Provider$1
Event: 2.098 Loading class com/sun/security/sasl/Provider$1 done
Event: 2.098 Loading class com/sun/security/sasl/Provider$ProviderService
Event: 2.098 Loading class com/sun/security/sasl/Provider$ProviderService done

Classes unloaded (0 events):
No events

Classes redefined (0 events):
No events

Internal exceptions (20 events):
Event: 1.369 Thread 0x000001c1dfc2bd40 Exception <a 'java/lang/NoSuchMethodError'{0x0000000718c88d40}: 'java.lang.Object java.lang.invoke.DirectMethodHandle$Holder.newInvokeSpecial(java.lang.Object, int, java.lang.Object)'> (0x0000000718c88d40) 
thrown [s\open\src\hotspot\share\interpreter\linkResolver.cpp, line 773]
Event: 1.370 Thread 0x000001c1dfc2bd40 Exception <a 'java/lang/NoSuchMethodError'{0x0000000718c8c7b0}: 'int java.lang.invoke.DirectMethodHandle$Holder.invokeSpecialIFC(java.lang.Object, java.lang.Object, java.lang.Object, java.lang.Object)'> (0x0000000718c8c7b0) 
thrown [s\open\src\hotspot\share\interpreter\linkResolver.cpp, line 773]
Event: 1.384 Thread 0x000001c1dfc2bd40 Exception <a 'java/lang/NoSuchMethodError'{0x0000000718d32450}: 'void java.lang.invoke.DirectMethodHandle$Holder.invokeInterface(java.lang.Object, java.lang.Object, java.lang.Object)'> (0x0000000718d32450) 
thrown [s\open\src\hotspot\share\interpreter\linkResolver.cpp, line 773]
Event: 1.397 Thread 0x000001c1dfc2bd40 Exception <a 'java/lang/NoSuchMethodError'{0x0000000718db4ef8}: 'java.lang.Object java.lang.invoke.DirectMethodHandle$Holder.invokeVirtual(java.lang.Object, java.lang.Object, java.lang.Object)'> (0x0000000718db4ef8) 
thrown [s\open\src\hotspot\share\interpreter\linkResolver.cpp, line 773]
Event: 1.420 Thread 0x000001c1dfc2bd40 Exception <a 'java/lang/NoSuchMethodError'{0x000000071a0a0948}: 'void java.lang.invoke.DirectMethodHandle$Holder.invokeStatic(java.lang.Object, java.lang.Object, int)'> (0x000000071a0a0948) 
thrown [s\open\src\hotspot\share\interpreter\linkResolver.cpp, line 773]
Event: 1.422 Thread 0x000001c1dfc2bd40 Exception <a 'java/lang/NoSuchMethodError'{0x000000071a0b0be8}: 'void java.lang.invoke.DirectMethodHandle$Holder.invokeStaticInit(java.lang.Object, java.lang.Object, java.lang.Object)'> (0x000000071a0b0be8) 
thrown [s\open\src\hotspot\share\interpreter\linkResolver.cpp, line 773]
Event: 1.425 Thread 0x000001c1dfc2bd40 Exception <a 'java/lang/NoSuchMethodError'{0x000000071a0e95d0}: 'java.lang.Object java.lang.invoke.DirectMethodHandle$Holder.invokeStaticInit(java.lang.Object, int)'> (0x000000071a0e95d0) 
thrown [s\open\src\hotspot\share\interpreter\linkResolver.cpp, line 773]
Event: 1.426 Thread 0x000001c1dfc2bd40 Exception <a 'java/lang/NoSuchMethodError'{0x000000071a0f35d0}: 'java.lang.Object java.lang.invoke.DirectMethodHandle$Holder.invokeStatic(java.lang.Object, int, java.lang.Object)'> (0x000000071a0f35d0) 
thrown [s\open\src\hotspot\share\interpreter\linkResolver.cpp, line 773]
Event: 1.426 Thread 0x000001c1dfc2bd40 Exception <a 'java/lang/NoSuchMethodError'{0x000000071a0f6c30}: 'java.lang.Object java.lang.invoke.DirectMethodHandle$Holder.invokeStaticInit(java.lang.Object, int, java.lang.Object)'> (0x000000071a0f6c30) 
thrown [s\open\src\hotspot\share\interpreter\linkResolver.cpp, line 773]
Event: 1.441 Thread 0x000001c1dfc2bd40 Exception <a 'java/lang/NoSuchMethodError'{0x000000071a1ad168}: 'void java.lang.invoke.DirectMethodHandle$Holder.invokeVirtual(java.lang.Object, java.lang.Object, java.lang.Object, java.lang.Object)'> (0x000000071a1ad168) 
thrown [s\open\src\hotspot\share\interpreter\linkResolver.cpp, line 773]
Event: 1.505 Thread 0x000001c1dfc2bd40 Exception <a 'java/lang/NoSuchMethodError'{0x0000000719cccf08}: 'java.lang.Object java.lang.invoke.Invokers$Holder.invoke_MT(java.lang.Object, java.lang.Object, java.lang.Object, java.lang.Object, java.lang.Object, java.lang.Object, java.lang.Object, java.lang.Object, java.lang.Object)'> (0x0000000719cccf08) 
thrown [s\open\src\hotspot\share\interpreter\linkResolver.cpp, line 773]
Event: 1.508 Thread 0x000001c1dfc2bd40 Exception <a 'java/lang/NoSuchMethodError'{0x0000000719cfae80}: 'java.lang.reflect.Field[] java.lang.Class.getDeclaredFields(java.lang.Class)'> (0x0000000719cfae80) 
thrown [s\open\src\hotspot\share\interpreter\linkResolver.cpp, line 773]
Event: 1.514 Thread 0x000001c1dfc2bd40 Exception <a 'java/lang/IncompatibleClassChangeError'{0x0000000719db32f8}: Found class java.lang.Object, but interface was expected> (0x0000000719db32f8) 
thrown [s\open\src\hotspot\share\interpreter\linkResolver.cpp, line 840]
Event: 1.829 Thread 0x000001c1dfc2bd40 Exception <a 'java/lang/NoSuchMethodError'{0x0000000717b01670}: 'int java.lang.invoke.DirectMethodHandle$Holder.invokeSpecial(java.lang.Object, java.lang.Object, java.lang.Object, java.lang.Object, java.lang.Object)'> (0x0000000717b01670) 
thrown [s\open\src\hotspot\share\interpreter\linkResolver.cpp, line 773]
Event: 1.830 Thread 0x000001c1dfc2bd40 Exception <a 'java/lang/NoSuchMethodError'{0x0000000717b094b8}: 'void java.lang.invoke.DirectMethodHandle$Holder.invokeVirtual(java.lang.Object, java.lang.Object)'> (0x0000000717b094b8) 
thrown [s\open\src\hotspot\share\interpreter\linkResolver.cpp, line 773]
Event: 2.017 Thread 0x000001c1fa2aaf60 Exception <a 'java/lang/NoSuchMethodError'{0x000000070e7a6110}: 'long java.lang.invoke.DirectMethodHandle$Holder.invokeStatic(java.lang.Object, java.lang.Object)'> (0x000000070e7a6110) 
thrown [s\open\src\hotspot\share\interpreter\linkResolver.cpp, line 773]
Event: 2.017 Thread 0x000001c1fa2aaf60 Exception <a 'java/lang/NoSuchMethodError'{0x000000070e7a91d8}: 'long java.lang.invoke.DirectMethodHandle$Holder.invokeStaticInit(java.lang.Object, java.lang.Object)'> (0x000000070e7a91d8) 
thrown [s\open\src\hotspot\share\interpreter\linkResolver.cpp, line 773]
Event: 2.018 Thread 0x000001c1fa2aaf60 Exception <a 'java/lang/NoSuchMethodError'{0x000000070dc0bdc8}: 'long java.lang.invoke.DirectMethodHandle$Holder.invokeInterface(java.lang.Object, java.lang.Object)'> (0x000000070dc0bdc8) 
thrown [s\open\src\hotspot\share\interpreter\linkResolver.cpp, line 773]
Event: 2.018 Thread 0x000001c1fa2aaf60 Exception <a 'java/lang/IncompatibleClassChangeError'{0x000000070dc0edd8}: Found class java.lang.Object, but interface was expected> (0x000000070dc0edd8) 
thrown [s\open\src\hotspot\share\interpreter\linkResolver.cpp, line 840]
Event: 2.021 Thread 0x000001c1fa2aaf60 Exception <a 'java/lang/NoSuchMethodError'{0x000000070dc26820}: 'java.lang.Object java.lang.invoke.DirectMethodHandle$Holder.invokeVirtual(java.lang.Object, java.lang.Object, java.lang.Object, java.lang.Object)'> (0x000000070dc26820) 
thrown [s\open\src\hotspot\share\interpreter\linkResolver.cpp, line 773]

ZGC Phase Switch (0 events):
No events

VM Operations (20 events):
Event: 1.971 Executing VM operation: G1PauseRemark done
Event: 1.972 Executing VM operation: G1PauseCleanup
Event: 1.974 Executing VM operation: G1PauseCleanup done
Event: 2.046 Executing VM operation: G1CollectForAllocation (G1 Evacuation Pause)
Event: 2.056 Executing VM operation: G1CollectForAllocation (G1 Evacuation Pause) done
Event: 2.077 Executing VM operation: HandshakeAllThreads (Deoptimize)
Event: 2.077 Executing VM operation: HandshakeAllThreads (Deoptimize) done
Event: 2.105 Executing VM operation: G1CollectForAllocation (G1 Evacuation Pause)
Event: 2.114 Executing VM operation: G1CollectForAllocation (G1 Evacuation Pause) done
Event: 2.170 Executing VM operation: G1CollectForAllocation (G1 Evacuation Pause)
Event: 2.181 Executing VM operation: G1CollectForAllocation (G1 Evacuation Pause) done
Event: 2.347 Executing VM operation: G1CollectForAllocation (G1 Evacuation Pause)
Event: 2.354 Executing VM operation: G1CollectForAllocation (G1 Evacuation Pause) done
Event: 2.475 Executing VM operation: G1CollectForAllocation (G1 Evacuation Pause)
Event: 2.484 Executing VM operation: G1CollectForAllocation (G1 Evacuation Pause) done
Event: 2.596 Executing VM operation: G1CollectForAllocation (G1 Evacuation Pause)
Event: 2.603 Executing VM operation: G1CollectForAllocation (G1 Evacuation Pause) done
Event: 2.692 Executing VM operation: HandshakeAllThreads (Deoptimize)
Event: 2.692 Executing VM operation: HandshakeAllThreads (Deoptimize) done
Event: 2.891 Executing VM operation: G1CollectForAllocation (G1 Evacuation Pause)

Events (20 events):
Event: 0.045 Thread 0x000001c1f4e47110 Thread added: 0x000001c1f4e47110
Event: 0.045 Thread 0x000001c1f4e556e0 Thread added: 0x000001c1f4e556e0
Event: 0.154 Thread 0x000001c1f90df020 Thread added: 0x000001c1f90df020
Event: 0.177 Thread 0x000001c1f913a750 Thread added: 0x000001c1f913a750
Event: 0.363 Thread 0x000001c1f95c2ad0 Thread added: 0x000001c1f95c2ad0
Event: 0.364 Thread 0x000001c1f95c3140 Thread added: 0x000001c1f95c3140
Event: 0.654 Thread 0x000001c1f96976c0 Thread added: 0x000001c1f96976c0
Event: 0.681 Thread 0x000001c1f96fe500 Thread added: 0x000001c1f96fe500
Event: 1.065 Thread 0x000001c1f9b687b0 Thread added: 0x000001c1f9b687b0
Event: 1.084 Thread 0x000001c1f9b9ced0 Thread added: 0x000001c1f9b9ced0
Event: 1.090 Thread 0x000001c1f9ba9560 Thread added: 0x000001c1f9ba9560
Event: 1.114 Thread 0x000001c1f9ba9560 Thread exited: 0x000001c1f9ba9560
Event: 1.503 Thread 0x000001c1fa2aaf60 Thread added: 0x000001c1fa2aaf60
Event: 1.617 Thread 0x000001c1fa4374c0 Thread added: 0x000001c1fa4374c0
Event: 1.623 Thread 0x000001c1fa4374c0 Thread exited: 0x000001c1fa4374c0
Event: 2.100 Thread 0x000001c1fa2aaf60 Thread exited: 0x000001c1fa2aaf60
Event: 2.126 Thread 0x000001c1fa67a4e0 Thread added: 0x000001c1fa67a4e0
Event: 2.131 Thread 0x000001c1fa67a4e0 Thread exited: 0x000001c1fa67a4e0
Event: 2.633 Thread 0x000001c1fa677d80 Thread added: 0x000001c1fa677d80
Event: 2.637 Thread 0x000001c1fa677d80 Thread exited: 0x000001c1fa677d80


Dynamic libraries:
0x00007ff646cf0000 - 0x00007ff646d00000 	F:\anyProgramms\jdk21\bin\java.exe
0x00007ffe6da30000 - 0x00007ffe6dc28000 	C:\WINDOWS\SYSTEM32\ntdll.dll
0x00007ffe6cc40000 - 0x00007ffe6cd02000 	C:\WINDOWS\System32\KERNEL32.DLL
0x00007ffe6b230000 - 0x00007ffe6b526000 	C:\WINDOWS\System32\KERNELBASE.dll
0x00007ffe6b8c0000 - 0x00007ffe6b9c0000 	C:\WINDOWS\System32\ucrtbase.dll
0x00007ffe64a70000 - 0x00007ffe64a8b000 	F:\anyProgramms\jdk21\bin\VCRUNTIME140.dll
0x00007ffe62870000 - 0x00007ffe62889000 	F:\anyProgramms\jdk21\bin\jli.dll
0x00007ffe6c300000 - 0x00007ffe6c3b1000 	C:\WINDOWS\System32\ADVAPI32.dll
0x00007ffe6c420000 - 0x00007ffe6c4be000 	C:\WINDOWS\System32\msvcrt.dll
0x00007ffe6c690000 - 0x00007ffe6c72f000 	C:\WINDOWS\System32\sechost.dll
0x00007ffe6c000000 - 0x00007ffe6c120000 	C:\WINDOWS\System32\RPCRT4.dll
0x00007ffe6b200000 - 0x00007ffe6b227000 	C:\WINDOWS\System32\bcrypt.dll
0x00007ffe6cf20000 - 0x00007ffe6d0c1000 	C:\WINDOWS\System32\USER32.dll
0x00007ffe54b60000 - 0x00007ffe54dfb000 	C:\WINDOWS\WinSxS\amd64_microsoft.windows.common-controls_6595b64144ccf1df_6.0.19041.6456_none_60b8a6cb71f64256\COMCTL32.dll
0x00007ffe6b9c0000 - 0x00007ffe6b9e2000 	C:\WINDOWS\System32\win32u.dll
0x00007ffe6c1d0000 - 0x00007ffe6c1fb000 	C:\WINDOWS\System32\GDI32.dll
0x00007ffe6b640000 - 0x00007ffe6b759000 	C:\WINDOWS\System32\gdi32full.dll
0x00007ffe6b9f0000 - 0x00007ffe6ba8d000 	C:\WINDOWS\System32\msvcp_win.dll
0x00007ffe620a0000 - 0x00007ffe620aa000 	C:\WINDOWS\SYSTEM32\VERSION.dll
0x00007ffe6c2d0000 - 0x00007ffe6c2ff000 	C:\WINDOWS\System32\IMM32.DLL
0x00007ffe675d0000 - 0x00007ffe675dc000 	F:\anyProgramms\jdk21\bin\vcruntime140_1.dll
0x00007ffe3e2a0000 - 0x00007ffe3e32e000 	F:\anyProgramms\jdk21\bin\msvcp140.dll
0x00007ffe0c540000 - 0x00007ffe0d25d000 	F:\anyProgramms\jdk21\bin\server\jvm.dll
0x00007ffe6d0d0000 - 0x00007ffe6d13b000 	C:\WINDOWS\System32\WS2_32.dll
0x00007ffe6ab60000 - 0x00007ffe6abab000 	C:\WINDOWS\SYSTEM32\POWRPROF.dll
0x00007ffe62070000 - 0x00007ffe62097000 	C:\WINDOWS\SYSTEM32\WINMM.dll
0x00007ffe6ab40000 - 0x00007ffe6ab52000 	C:\WINDOWS\SYSTEM32\UMPDC.dll
0x00007ffe69920000 - 0x00007ffe69932000 	C:\WINDOWS\SYSTEM32\kernel.appcore.dll
0x00007ffe64e70000 - 0x00007ffe64e7a000 	F:\anyProgramms\jdk21\bin\jimage.dll
0x00007ffe69450000 - 0x00007ffe69651000 	C:\WINDOWS\SYSTEM32\DBGHELP.DLL
0x00007ffe55700000 - 0x00007ffe55734000 	C:\WINDOWS\SYSTEM32\dbgcore.DLL
0x00007ffe6b5b0000 - 0x00007ffe6b632000 	C:\WINDOWS\System32\bcryptPrimitives.dll
0x00007ffe64960000 - 0x00007ffe6496f000 	F:\anyProgramms\jdk21\bin\instrument.dll
0x00007ffe62650000 - 0x00007ffe6266f000 	F:\anyProgramms\jdk21\bin\java.dll
0x00007ffe6d1a0000 - 0x00007ffe6d910000 	C:\WINDOWS\System32\SHELL32.dll
0x00007ffe68b80000 - 0x00007ffe69325000 	C:\WINDOWS\SYSTEM32\windows.storage.dll
0x00007ffe6c8e0000 - 0x00007ffe6cc34000 	C:\WINDOWS\System32\combase.dll
0x00007ffe6a9c0000 - 0x00007ffe6a9eb000 	C:\WINDOWS\SYSTEM32\Wldp.dll
0x00007ffe6c200000 - 0x00007ffe6c2cd000 	C:\WINDOWS\System32\OLEAUT32.dll
0x00007ffe6c120000 - 0x00007ffe6c1cd000 	C:\WINDOWS\System32\SHCORE.dll
0x00007ffe6d140000 - 0x00007ffe6d19b000 	C:\WINDOWS\System32\shlwapi.dll
0x00007ffe6b080000 - 0x00007ffe6b0a4000 	C:\WINDOWS\SYSTEM32\profapi.dll
0x00007ffe62630000 - 0x00007ffe62648000 	F:\anyProgramms\jdk21\bin\zip.dll
0x00007ffe62620000 - 0x00007ffe62630000 	F:\anyProgramms\jdk21\bin\net.dll
0x00007ffe65be0000 - 0x00007ffe65cea000 	C:\WINDOWS\SYSTEM32\WINHTTP.dll
0x00007ffe6a7a0000 - 0x00007ffe6a80a000 	C:\WINDOWS\system32\mswsock.dll
0x00007ffe3c7f0000 - 0x00007ffe3c806000 	F:\anyProgramms\jdk21\bin\nio.dll
0x00007ffe33ba0000 - 0x00007ffe33bba000 	F:\IntelliJ IDEA 2023.2.4\bin\breakgen64.dll
0x00007ffe62290000 - 0x00007ffe62299000 	F:\anyProgramms\jdk21\bin\extnet.dll
0x00007ffe6a4e0000 - 0x00007ffe6a5aa000 	C:\WINDOWS\SYSTEM32\DNSAPI.dll
0x00007ffe6a4a0000 - 0x00007ffe6a4db000 	C:\WINDOWS\SYSTEM32\IPHLPAPI.DLL
0x00007ffe6cde0000 - 0x00007ffe6cde8000 	C:\WINDOWS\System32\NSI.dll
0x00000000538e0000 - 0x0000000053915000 	C:\Program Files\Bonjour\mdnsNSP.dll
0x00007ffe62fc0000 - 0x00007ffe62fca000 	C:\Windows\System32\rasadhlp.dll
0x00007ffe61ff0000 - 0x00007ffe62070000 	C:\WINDOWS\System32\fwpuclnt.dll
0x00007ffe62590000 - 0x00007ffe6259a000 	F:\anyProgramms\jdk21\bin\management.dll
0x00007ffe62520000 - 0x00007ffe6252b000 	F:\anyProgramms\jdk21\bin\management_ext.dll
0x00007ffe6cd10000 - 0x00007ffe6cd18000 	C:\WINDOWS\System32\PSAPI.DLL
0x00007ffe6aa00000 - 0x00007ffe6aa18000 	C:\WINDOWS\SYSTEM32\CRYPTSP.dll
0x00007ffe6a0e0000 - 0x00007ffe6a118000 	C:\WINDOWS\system32\rsaenh.dll
0x00007ffe6b000000 - 0x00007ffe6b02e000 	C:\WINDOWS\SYSTEM32\USERENV.dll
0x00007ffe6a930000 - 0x00007ffe6a93c000 	C:\WINDOWS\SYSTEM32\CRYPTBASE.dll
0x00007ffde4390000 - 0x00007ffde43a7000 	C:\WINDOWS\system32\napinsp.dll
0x00007ffde4370000 - 0x00007ffde438b000 	C:\WINDOWS\system32\pnrpnsp.dll
0x00007ffe42080000 - 0x00007ffe4209d000 	C:\WINDOWS\system32\wshbth.dll
0x00007ffe661d0000 - 0x00007ffe661ed000 	C:\WINDOWS\system32\NLAapi.dll
0x00007ffde4350000 - 0x00007ffde4362000 	C:\WINDOWS\System32\winrnr.dll
0x00007ffe56550000 - 0x00007ffe5655e000 	F:\anyProgramms\jdk21\bin\sunmscapi.dll
0x00007ffe6b760000 - 0x00007ffe6b8bd000 	C:\WINDOWS\System32\CRYPT32.dll
0x00007ffe6abf0000 - 0x00007ffe6ac17000 	C:\WINDOWS\SYSTEM32\ncrypt.dll
0x00007ffe6abb0000 - 0x00007ffe6abeb000 	C:\WINDOWS\SYSTEM32\NTASN1.dll

dbghelp: loaded successfully - version: 4.0.5 - missing functions: none
symbol engine: initialized successfully - sym options: 0x614 - pdb path: .;F:\anyProgramms\jdk21\bin;C:\WINDOWS\SYSTEM32;C:\WINDOWS\WinSxS\amd64_microsoft.windows.common-controls_6595b64144ccf1df_6.0.19041.6456_none_60b8a6cb71f64256;F:\anyProgramms\jdk21\bin\server;F:\IntelliJ IDEA 2023.2.4\bin;C:\Program Files\Bonjour

VM Arguments:
jvm_args: -XX:TieredStopAtLevel=1 -Dspring.output.ansi.enabled=always -Dcom.sun.management.jmxremote -Dspring.jmx.enabled=true -Dspring.liveBeansView.mbeanDomain -Dspring.application.admin.enabled=true -Dmanagement.endpoints.jmx.exposure.include=* -javaagent:F:\IntelliJ IDEA 2023.2.4\lib\idea_rt.jar=57478:F:\IntelliJ IDEA 2023.2.4\bin -Dfile.encoding=UTF-8 -Dsun.stdout.encoding=UTF-8 -Dsun.stderr.encoding=UTF-8 
java_command: SoaServiceAApplication
java_class_path (initial): F:\some_subjects\soa\soa_service_a\build\classes\java\main;F:\some_subjects\soa\soa_service_a\build\resources\main;C:\Users\劳屠\.gradle\caches\modules-2\files-2.1\jakarta.servlet\jakarta.servlet-api\6.0.0\abecc699286e65035ebba9844c03931357a6a963\jakarta.servlet-api-6.0.0.jar;C:\Users\劳屠\.gradle\caches\modules-2\files-2.1\org.springframework.boot\spring-boot-starter-data-jpa\3.5.6\ec77fd4b025ff3401e80be68a8a3dfbe45c7dcfa\spring-boot-starter-data-jpa-3.5.6.jar;C:\Users\劳屠\.gradle\caches\modules-2\files-2.1\org.springframework.boot\spring-boot-starter-web\3.5.6\83d6174983b3d6649525a272222af212728a9892\spring-boot-starter-web-3.5.6.jar;C:\Users\劳屠\.gradle\caches\modules-2\files-2.1\org.springdoc\springdoc-openapi-starter-webmvc-ui\2.8.13\db49b2687b07e26e8bc564282e99e55eaa6bb2f7\springdoc-openapi-starter-webmvc-ui-2.8.13.jar;C:\Users\劳屠\.gradle\caches\modules-2\files-2.1\org.springframework.boot\spring-boot-starter-validation\3.5.6\2ec647ae8e16b09a4aee4a17c0e7736f6214aacc\spring-boot-starter-validation-3.5.6.jar;C:\Users\劳屠\.gradle\caches\modules-2\files-2.1\org.springframework.boot\spring-boot-starter-security\3.5.6\f784752820b4e59f1e144e6d208d04fa27da9\spring-boot-starter-security-3.5.6.jar;C:\Users\劳屠\.gradle\caches\modules-2\files-2.1\org.apache.commons\commons-lang3\3.18.0\fb14946f0e39748a6571de0635acbe44e7885491\commons-lang3-3.18.0.jar;C:\Users\劳屠\.gradle\caches\modules-2\files-2.1\org.mapstruct\mapstruct\1.6.3\416a2155212286d6a1c4cb3bb553c7dfd6a1a092\mapstruct-1.6.3.jar;C:\Users\劳屠\.gradle\caches\modules-2\files-2.1\org.slf4j\slf4j-api\2.0.17\d9e58ac9c7779ba3bf8142aff6c830617a7fe60f\slf4j-api-2.0.17.jar;C:\Users\劳屠\.gradle\caches\modules-2\files-2.1\org.jooq\jooq\3.19.10\9862a728ebf683993084b9c86a280e407a8a8246\jooq-3.19.10.jar;C:\Users\劳屠\.gradle\caches\modules-2\files-2.1\org.springframework.data\spring-data-jpa\3.5.4\abd37141d1bd52283aac0d962d6efa1d4d72424b\spring-data-jpa-3.5.4.jar;C:\Users\劳屠\.gradle\caches\modules-2\files-2.1\org.springframework.boot\spring-boot-starter-jdbc\3.5.6\812d2dc9a662d9ab640bea01b383e82d881fc586\spring-boot-starter-jdbc-3.5.6.jar;C:\Users\劳屠\.gradle\caches\modules-2\files-2.1\org.springframework.boot\spring-boot-starter\3.5.6\2a2de314809a7c4c9b7303063c1313e03fe31ad3\spring-boot-starter-3.5.6.jar;C:\Users\劳屠\.gradle\caches\modules-2\files-2.1\org.hibernate.orm\hibernate-core\6.6.29.Final\d12db68bb867e2fe6e68740b3fba3d1d633f77ff\hibernate-core-6.6.29.Final.jar;C:\Users\劳屠\.gradle\caches\modules-2\files-2.1\org.springframework\spring-aspects\6.2.11\e02d582f1595b101c7fa53778e91ddb71d62974e\spring-aspects-6.2.11.jar;C:\Users\劳屠\.gradle\caches\modules-2\files-2.1\org.springframework.boot\spring-boot-starter-json\3.5.6\62143e29dbac1e72759da7dd85fb8f85a3d582f7\spring-boot-starter-json-3.5.6.jar;C:\Users\劳屠\.gradle\caches\modules-2\files-2.1\org.springframework.boot\spring-boot-starter-tomcat\3.5.6\9384211e92c82344e23b00a580cc769724ea9a0c\spring-boot-starter-tomcat-3.5.6.jar;C:\Users\劳屠\.gradle\caches\modules-2\files-2.1\org.springframework\spring-webmvc\6.2.11\3313fe95e06c1d3c94d00301cbed56ed1a9d2a86\spring-webmvc-6.2.11.jar;C:\Users\劳屠\.gradle\caches\modules-2\files-2.1\org.springframework\spring-web\6.2.11\e590ac3e1aaea2d34a5ccb5c25ad84acbada8468\spring-web-6.2.11.jar;C:\Users\劳屠\.gradle\caches\modules-2\files-2.1\org.springdoc\springdoc-openapi-starter-webmvc-api\2.8.13\18fbbaaacc501632a7b20181be898c46a42c51b3\springdoc-openapi-starter-webmvc-api-2.8.13.jar;C:\Users\劳屠\.gradle\caches\modules-2\files-2.1\org.webjars\swagger-ui\5.28.1\4f03c4cd37d8e0d98e1f02a20b2d8007b52236ca\swagger-ui-5.28.1.jar;C:\Users\劳屠\.gradle\caches\modules-2\files-2.1\org.webjars\webjars-locator-lite\1.1.0\4aaeaa0cdaabb6c72a98894f0faf41037a907115\webjars-locator-lite-1.1.0.jar;C:\Users\劳屠\.gradle\caches\modules-2\files-2.1\org.apache.tomcat.embed\tomcat-embed-el\10.1.46\e1fc6986d030e791415535e28fd21c0be11810de\tomcat-embed-el-10.1.46.jar;C:\Users\劳屠\.gradle\caches\modules-2\files-2.1\org.hibernate.validator\hibernate-validator\8.0.3.Final\4425f554297a1c5ba03a3f30e559a9fd91048cf8\hibernate-validator-8.0.3.Final.jar;C:\Users\劳屠\.gradle\caches\modules-2\files-2.1\org.springframework.security\spring-security-web\6.5.5\53362443076c948cf1fbdd078802ef58917b5938\spring-security-web-6.5.5.jar;C:\Users\劳屠\.gradle\caches\modules-2\files-2.1\org.springframework.security\spring-security-config\6.5.5\e647f8334d2d4578f7b553e705a409017ac37be1\spring-security-config-6.5.5.jar;C:\Users\劳屠\.gradle\caches\modules-2\files-2.1\org.springframework\spring-aop\6.2.11\1e970383810700506d646c2fa8943725f123f000\spring-aop-6.2.11.jar;C:\Users\劳屠\.gradle\caches\modules-2\files-2.1\io.r2dbc\r2dbc-spi\1.0.0.RELEASE\e3d15b2d27fdb8fdb76a181b21d5c752adf1d165\r2dbc-spi-1.0.0.RELEASE.jar;C:\Users\劳屠\.gradle\caches\modules-2\files-2.1\org.springframework.data\spring-data-commons\3.5.4\b61f6528cb8b39b471775a4b27f0437f6646f1e6\spring-data-commons-3.5.4.jar;C:\Users\劳屠\.gradle\caches\modules-2\files-2.1\org.springframework\spring-context\6.2.11\bbfb4d55385b2b65ecaf04937d209cf467eaba2f\spring-context-6.2.11.jar;C:\Users\劳屠\.gradle\caches\modules-2\files-2.1\jakarta.annotation\jakarta.annotation-api\2.1.1\48b9bda22b091b1f48b13af03fe36db3be6e1ae3\jakarta.annotation-api-2.1.1.jar;C:\Users\劳屠\.gradle\caches\modules-2\files-2.1\org.springframework\spring-orm\6.2.11\d14df2d6ecddd2984ef5590d73c5178d7df25c11\spring-orm-6.2.11.jar;C:\Users\劳屠\.gradle\caches\modules-2\files-2.1\org.springframework\spring-tx\6.2.11\f2b8bef65f6682019002c12a628886637e596261\spring-tx-6.2.11.jar;C:\Users\劳屠\.gradle\caches\modules-2\files-2.1\org.springframework\spring-beans\6.2.11\8d92eb837b70094d7316f6a07770eefd360bc53c\spring-beans-6.2.11.jar;C:\Users\劳屠\.gradle\caches\modules-2\files-2.1\org.springframework\spring-core\6.2.11\f4860eb6ea92abb8ae6c5e82e2e7efc395cef8d\spring-core-6.2.11.jar;C:\Users\劳屠\.gradle\caches\modules-2\files-2.1\org.antlr\antlr4-runtime\4.13.0\5a02e48521624faaf5ff4d99afc88b01686af655\antlr4-runtime-4.13.0.jar;C:\Users\劳屠\.gradle\caches\modules-2\files-2.1\com.zaxxer\HikariCP\6.3.3\7c5aec1e47a97ff40977e0193018865304ea9585\HikariCP-6.3.3.jar;C:\Users\劳屠\.gradle\caches\modules-2\files-2.1\org.springframework\spring-jdbc\6.2.11\8aadfc8bed1630563c65bb5628e2175ecd508998\spring-jdbc-6.2.11.jar;C:\Users\劳屠\.gradle\caches\modules-2\files-2.1\org.springframework.boot\spring-boot-starter-logging\3.5.6\61717f15cb53d2a0cce6428b29adbdc2ed5f2f25\spring-boot-starter-logging-3.5.6.jar;C:\Users\劳屠\.gradle\caches\modules-2\files-2.1\org.springframework.boot\spring-boot-autoconfigure\3.5.6\6b8fc2519774de4e82b0dbb5651093ce2ca20836\spring-boot-autoconfigure-3.5.6.jar;C:\Users\劳屠\.gradle\caches\modules-2\files-2.1\org.springframework.boot\spring-boot\3.5.6\a02f486ab700dad1f81e54cb37651d92a3f9d700\spring-boot-3.5.6.jar;C:\Users\劳屠\.gradle\caches\modules-2\files-2.1\org.yaml\snakeyaml\2.4\e0666b825b796f85521f02360e77f4c92c5a7a07\snakeyaml-2.4.jar;C:\Users\劳屠\.gradle\caches\modules-2\files-2.1\jakarta.persistence\jakarta.persistence-api\3.1.0\66901fa1c373c6aff65c13791cc11da72060a8d6\jakarta.persistence-api-3.1.0.jar;C:\Users\劳屠\.gradle\caches\modules-2\files-2.1\jakarta.transaction\jakarta.transaction-api\2.0.1\51a520e3fae406abb84e2e1148e6746ce3f80a1a\jakarta.transaction-api-2.0.1.jar;C:\Users\劳屠\.gradle\caches\modules-2\files-2.1\org.aspectj\aspectjweaver\1.9.24\9b5aeb0cea9f958b9c57fb80e62996e95a3e9379\aspectjweaver-1.9.24.jar;C:\Users\劳屠\.gradle\caches\modules-2\files-2.1\com.fasterxml.jackson.datatype\jackson-datatype-jdk8\2.19.2\a720d3946c3a1ab04b780f3b3163d62eee6948a0\jackson-datatype-jdk8-2.19.2.jar;C:\Users\劳屠\.gradle\caches\modules-2\files-2.1\com.fasterxml.jackson.datatype\jackson-datatype-jsr310\2.19.2\72e73f048b36d9df82aef146bf8b2ae63b2e28e2\jackson-datatype-jsr310-2.19.2.jar;C:\Users\劳屠\.gradle\caches\modules-2\files-2.1\com.fasterxml.jackson.module\jackson-module-parameter-names\2.19.2\3c4ce467c11364c72ec4967c570fd5a2d1be1d0b\jackson-module-parameter-names-2.19.2.jar;C:\Users\劳屠\.gradle\caches\modules-2\files-2.1\com.fasterxml.jackson.core\jackson-databind\2.19.2\46509399d28f57ca32c6bb4b0d4e10e8f062051e\jackson-databind-2.19.2.jar;C:\Users\劳屠\.gradle\caches\modules-2\files-2.1\org.apache.tomcat.embed\tomcat-embed-websocket\10.1.46\e98da6e2f659ec02062d2c84a07b7262e82d8b74\tomcat-embed-websocket-10.1.46.jar;C:\Users\劳屠\.gradle\caches\modules-2\files-2.1\org.apache.tomcat.embed\tomcat-embed-core\10.1.46\64d4eee6e42eb61492a7b84d458327bfb1c1d957\tomcat-embed-core-10.1.46.jar;C:\Users\劳屠\.gradle\caches\modules-2\files-2.1\org.springframework\spring-expression\6.2.11\7190c1c69576516efef1a061d956dccf17cb0b86\spring-expression-6.2.11.jar;C:\Users\劳屠\.gradle\caches\modules-2\files-2.1\io.micrometer\micrometer-observation\1.15.4\8cd0aed0ff098a7937f2f8f81705840f2d60a432\micrometer-observation-1.15.4.jar;C:\Users\劳屠\.gradle\caches\modules-2\files-2.1\org.springdoc\springdoc-openapi-starter-common\2.8.13\728d6b5b7fa89057043d5ec91e52f22b7f38a0a1\springdoc-openapi-starter-common-2.8.13.jar;C:\Users\劳屠\.gradle\caches\modules-2\files-2.1\org.jspecify\jspecify\1.0.0\7425a601c1c7ec76645a78d22b8c6a627edee507\jspecify-1.0.0.jar;C:\Users\劳屠\.gradle\caches\modules-2\files-2.1\jakarta.validation\jakarta.validation-api\3.0.2\92b6631659ba35ca09e44874d3eb936edfeee532\jakarta.validation-api-3.0.2.jar;C:\Users\劳屠\.gradle\caches\modules-2\files-2.1\org.jboss.logging\jboss-logging\3.6.1.Final\886afbb445b4016a37c8960a7aef6ebd769ce7e5\jboss-logging-3.6.1.Final.jar;C:\Users\劳屠\.gradle\caches\modules-2\files-2.1\com.fasterxml\classmate\1.7.0\e98374da1f2143ac8e6e0a95036994bb19137a3\classmate-1.7.0.jar;C:\Users\劳屠\.gradle\caches\modules-2\files-2.1\org.springframework.security\spring-security-core\6.5.5\b4010d71d6b53cae574ba3d5c15629ed782f3318\spring-security-core-6.5.5.jar;C:\Users\劳屠\.gradle\caches\modules-2\files-2.1\org.reactivestreams\reactive-streams\1.0.4\3864a1320d97d7b045f729a326e1e077661f31b7\reactive-streams-1.0.4.jar;C:\Users\劳屠\.gradle\caches\modules-2\files-2.1\org.springframework\spring-jcl\6.2.11\819fc7e968ac07d4b042be7cfb8d99c267142ac7\spring-jcl-6.2.11.jar;C:\Users\劳屠\.gradle\caches\modules-2\files-2.1\ch.qos.logback\logback-classic\1.5.18\fc371f3fc97a639de2d67947cffb7518ec5e3d40\logback-classic-1.5.18.jar;C:\Users\劳屠\.gradle\caches\modules-2\files-2.1\org.apache.logging.log4j\log4j-to-slf4j\2.24.3\da1143e2a2531ee1c2d90baa98eb50a28a39d5a7\log4j-to-slf4j-2.24.3.jar;C:\Users\劳屠\.gradle\caches\modules-2\files-2.1\org.slf4j\jul-to-slf4j\2.0.17\524cb6ccc2b68a57604750e1ab8b13b5a786a6aa\jul-to-slf4j-2.0.17.jar;C:\Users\劳屠\.gradle\caches\modules-2\files-2.1\com.fasterxml.jackson.core\jackson-core\2.19.2\50f3b4bd59b9ff51a0ed493e7b5abaf5c39709bf\jackson-core-2.19.2.jar;C:\Users\劳屠\.gradle\caches\modules-2\files-2.1\com.fasterxml.jackson.core\jackson-annotations\2.19.2\c5381f11988ae3d424b197a26087d86067b6d7d\jackson-annotations-2.19.2.jar;C:\Users\劳屠\.gradle\caches\modules-2\files-2.1\io.micrometer\micrometer-commons\1.15.4\f73f10deeee5700b15c2f0f41ae79e2689b39613\micrometer-commons-1.15.4.jar;C:\Users\劳屠\.gradle\caches\modules-2\files-2.1\io.swagger.core.v3\swagger-core-jakarta\2.2.36\a7df95215f3851d4ca841a30e1cb84c4f8222da9\swagger-core-jakarta-2.2.36.jar;C:\Users\劳屠\.gradle\caches\modules-2\files-2.1\org.springframework.security\spring-security-crypto\6.5.5\83f9ebdd4706d23d697a7012aa946b64b54476f6\spring-security-crypto-6.5.5.jar;C:\Users\劳屠\.gradle\caches\modules-2\files-2.1\ch.qos.logback\logback-core\1.5.18\6c0375624f6f36b4e089e2488ba21334a11ef13f\logback-core-1.5.18.jar;C:\Users\劳屠\.gradle\caches\modules-2\files-2.1\org.apache.logging.log4j\log4j-api\2.24.3\b02c125db8b6d295adf72ae6e71af5d83bce2370\log4j-api-2.24.3.jar;C:\Users\劳屠\.gradle\caches\modules-2\files-2.1\io.swagger.core.v3\swagger-models-jakarta\2.2.36\8f92ba7ae6f78100b13a98428aedab0580323785\swagger-models-jakarta-2.2.36.jar;C:\Users\劳屠\.gradle\caches\modules-2\files-2.1\com.fasterxml.jackson.dataformat\jackson-dataformat-yaml\2.19.2\ba1079940daa609061e46c80b72c5546c4718401\jackson-dataformat-yaml-2.19.2.jar;C:\Users\劳屠\.gradle\caches\modules-2\files-2.1\io.swagger.core.v3\swagger-annotations-jakarta\2.2.36\ba0c4e8b63775179ebe7c185744137f26cdbe87e\swagger-annotations-jakarta-2.2.36.jar;C:\Users\劳屠\.gradle\caches\modules-2\files-2.1\jakarta.xml.bind\jakarta.xml.bind-api\4.0.2\6cd5a999b834b63238005b7144136379dc36cad2\jakarta.xml.bind-api-4.0.2.jar;C:\Users\劳屠\.gradle\caches\modules-2\files-2.1\jakarta.activation\jakarta.activation-api\2.1.4\9e5c2a0d75dde71a0bedc4dbdbe47b78a5dc50f8\jakarta.activation-api-2.1.4.jar;C:\Users\劳屠\.gradle\caches\modules-2\files-2.1\org.postgresql\postgresql\42.7.5\747897987b86c741fb8b56f6b81929ae1e6e4b46\postgresql-42.7.5.jar;C:\Users\劳屠\.gradle\caches\modules-2\files-2.1\org.checkerframework\checker-qual\3.48.3\c48effe7d78de3cf5e8a98c614281ec6a2466a77\checker-qual-3.48.3.jar;C:\Users\劳屠\.gradle\caches\modules-2\files-2.1\org.hibernate.common\hibernate-commons-annotations\7.0.3.Final\e183c4be8bb41d12e9f19b374e00c34a0a85f439\hibernate-commons-annotations-7.0.3.Final.jar;C:\Users\劳屠\.gradle\caches\modules-2\files-2.1\io.smallrye\jandex\3.2.0\f17ad860f62a08487b9edabde608f8ac55c62fa7\jandex-3.2.0.jar;C:\Users\劳屠\.gradle\caches\modules-2\files-2.1\net.bytebuddy\byte-buddy\1.17.7\3856bfab61beb23e099a0d6629f2ba8de4b98ace\byte-buddy-1.17.7.jar;C:\Users\劳屠\.gradle\caches\modules-2\files-2.1\org.glassfish.jaxb\jaxb-runtime\4.0.5\ca84c2a7169b5293e232b9d00d1e4e36d4c3914a\jaxb-runtime-4.0.5.jar;C:\Users\劳屠\.gradle\caches\modules-2\files-2.1\jakarta.inject\jakarta.inject-api\2.0.1\4c28afe1991a941d7702fe1362c365f0a8641d1e\jakarta.inject-api-2.0.1.jar;C:\Users\劳屠\.gradle\caches\modules-2\files-2.1\org.glassfish.jaxb\jaxb-core\4.0.5\7b4b11ea5542eea4ad55e1080b23be436795b3\jaxb-core-4.0.5.jar;C:\Users\劳屠\.gradle\caches\modules-2\files-2.1\org.eclipse.angus\angus-activation\2.0.2\41f1e0ddd157c856926ed149ab837d110955a9fc\angus-activation-2.0.2.jar;C:\Users\劳屠\.gradle\caches\modules-2\files-2.1\org.glassfish.jaxb\txw2\4.0.5\f36a4ef12120a9bb06d766d6a0e54b144fd7ed98\txw2-4.0.5.jar;C:\Users\劳屠\.gradle\caches\modules-2\files-2.1\com.sun.istack\istack-commons-runtime\4.1.2\18ec117c85f3ba0ac65409136afa8e42bc74e739\istack-commons-runtime-4.1.2.jar
Launcher Type: SUN_STANDARD

[Global flags]
     intx CICompilerCount                          = 4                                         {product} {ergonomic}
     uint ConcGCThreads                            = 3                                         {product} {ergonomic}
     uint G1ConcRefinementThreads                  = 10                                        {product} {ergonomic}
   size_t G1HeapRegionSize                         = 2097152                                   {product} {ergonomic}
    uintx GCDrainStackTargetSize                   = 64                                        {product} {ergonomic}
   size_t InitialHeapSize                          = 257949696                                 {product} {ergonomic}
     bool ManagementServer                         = true                                      {product} {command line}
   size_t MarkStackSize                            = 4194304                                   {product} {ergonomic}
   size_t MaxHeapSize                              = 4114612224                                {product} {ergonomic}
   size_t MaxNewSize                               = 2468347904                                {product} {ergonomic}
   size_t MinHeapDeltaBytes                        = 2097152                                   {product} {ergonomic}
   size_t MinHeapSize                              = 8388608                                   {product} {ergonomic}
    uintx NonNMethodCodeHeapSize                   = 4096                                   {pd product} {ergonomic}
    uintx NonProfiledCodeHeapSize                  = 0                                      {pd product} {ergonomic}
     bool ProfileInterpreter                       = false                                  {pd product} {command line}
    uintx ProfiledCodeHeapSize                     = 0                                      {pd product} {ergonomic}
   size_t SoftMaxHeapSize                          = 4114612224                             {manageable} {ergonomic}
     intx TieredStopAtLevel                        = 1                                         {product} {command line}
     bool UseCompressedOops                        = true                           {product lp64_product} {ergonomic}
     bool UseG1GC                                  = true                                      {product} {ergonomic}
     bool UseLargePagesIndividualAllocation        = false                                  {pd product} {ergonomic}

Logging:
Log output configuration:
 #0: stdout all=warning uptime,level,tags foldmultilines=false
 #1: stderr all=off uptime,level,tags foldmultilines=false

Environment Variables:
PATH=C:\Program Files\Common Files\Oracle\Java\javapath;C:\WINDOWS\system32;C:\WINDOWS;C:\WINDOWS\System32\Wbem;C:\WINDOWS\System32\WindowsPowerShell\v1.0\;C:\WINDOWS\System32\OpenSSH\;C:\Program Files (x86)\Common Files\Acronis\SnapAPI\;C:\Users\劳屠\AppData\Local\Temp\pip-unpack-685_tglj;C:\Program Files (x86)\dotnet\;F:\anyProgramms\Git\cmd;F:\node\;C:\Program Files\Go\bin;C:\Program Files\WireGuard\;C:\Program Files\Docker\Docker\resources\bin;F:\anyProgramms\;C:\Program Files\Common Files\Oracle\Java\javapath;C:\WINDOWS\system32;C:\WINDOWS;C:\WINDOWS\System32\Wbem;C:\WINDOWS\System32\WindowsPowerShell\v1.0\;C:\WINDOWS\System32\OpenSSH\;C:\Program Files (x86)\Common Files\Acronis\SnapAPI\;C:\Users\劳屠\AppData\Local\Temp\pip-unpack-685_tglj;F:\anyProgramms\Git\cmd;C:\Program Files (x86)\dotnet\;C:\Program Files\Common Files\Oracle\Java\javapath;C:\WINDOWS\system32;C:\WINDOWS;C:\WINDOWS\System32\Wbem;C:\WINDOWS\System32\WindowsPowerShell\v1.0\;C:\WINDOWS\System32\OpenSSH\;C:\Program Files (x86)\Common Files\Acronis\SnapAPI\;C:\Users\劳屠\AppData\Local\Temp\pip-unpack-685_tglj;F:\anyProgramms\Git\cmd;C:\Program Files (x86)\dotnet\;C:\Users\劳屠\AppData\Local\Programs\Python\Python311\Scripts\;C:\Users\劳屠\AppData\Local\Programs\Python\Python311\;C:\Users\劳屠\AppData\Local\Microsoft\WindowsApps;;F:\anyProgramms\Maven\apache-maven-3.9.1;F:\anyProgramms\Maven\apache-maven-3.9.1\bin;F:\IntelliJ IDEA 2023.2.4\bin;;F:\anyProgramms\PhpStorm 2023.2\bin;;F:\anyProgramms\CLion 2023.2.2\bin;;F:\WebStorm 2023.3.2\bin;;C:\Users\劳屠\AppData\Roaming\npm;F:\anyProgramms\GoLand 2024.1.4\bin;;C:\Users\劳屠\go\bin
USERNAME=劳屠
OS=Windows_NT
PROCESSOR_IDENTIFIER=AMD64 Family 23 Model 104 Stepping 1, AuthenticAMD
TMP=C:\Users\2868~1\AppData\Local\Temp
TEMP=C:\Users\2868~1\AppData\Local\Temp




Periodic native trim disabled

---------------  S Y S T E M  ---------------

OS:
 Windows 10 , 64 bit Build 19041 (10.0.19041.5915)
OS uptime: 1 days 1:33 hours
Hyper-V role detected

CPU: total 12 (initial active 12) (12 cores per cpu, 2 threads per core) family 23 model 104 stepping 1 microcode 0x0, cx8, cmov, fxsr, ht, mmx, 3dnowpref, sse, sse2, sse3, ssse3, sse4a, sse4.1, sse4.2, popcnt, lzcnt, tsc, tscinvbit, avx, avx2, aes, clmul, bmi1, bmi2, adx, sha, fma, vzeroupper, clflush, clflushopt, hv, rdtscp, rdpid, f16c
Processor Information for all 12 processors :
  Max Mhz: 2100, Current Mhz: 2100, Mhz Limit: 2100

Memory: 4k page, system-wide physical 15693M (153M free)
TotalPageFile size 24363M (AvailPageFile size 48M)
current process WorkingSet (physical memory assigned to process): 255M, peak: 255M
current process commit charge ("private bytes"): 376M, peak: 466M

vm_info: Java HotSpot(TM) 64-Bit Server VM (21.0.9+7-LTS-338) for windows-amd64 JRE (21.0.9+7-LTS-338), built on 2025-09-26T06:33:49Z by "mach5run" with MS VC++ 17.6 (VS2022)

END.
